============================= test session starts ==============================
platform darwin -- Python 3.12.10, pytest-7.4.3, pluggy-1.5.0
rootdir: /Users/roymkhabela/Downloads/AI Language Learning Platform/client
plugins: anyio-4.9.0, mockito-0.0.4, asyncio-0.21.1, cov-6.2.1, logfire-3.1.0
asyncio: mode=Mode.STRICT
collected 0 items

============================ no tests ran in 0.00s =============================
